// Jest Snapshot v1, https://goo.gl/fbAQLP

exports[`components RolebindingCreate should render itself and its subcomponents 1`] = `
<div
  className="create-rolebinding"
>
  <h2>
    Create New Rolebinding
  </h2>
  <form
    className="rolebinding-input-form"
    id="rolebinding-create-input-form"
    onSubmit={[Function]}
  >
    <input
      id="rolebinding-create-subject-input"
      name="subject"
      onChange={[Function]}
      placeholder="user"
      type="text"
      value=""
    />
    <select
      name="role"
      onChange={[Function]}
      required={true}
      value=""
    >
      <option />
    </select>
    <button
      className="button"
      type="submit"
      value="submit"
    >
      Create
    </button>
  </form>
</div>
`;
