// Jest Snapshot v1, https://goo.gl/fbAQLP

exports[`components Auth should render a login view when unauthenticated 1`] = `
<div
  className="login-container"
>
  <NavigationBar
    login={[Function]}
    logout={null}
    name={null}
  />
  <h1>
    ORCA
  </h1>
</div>
`;

exports[`components Auth should render a logout view when authenticated 1`] = `
<div
  className="home-container"
>
  <NavigationBar
    login={null}
    logout={[Function]}
    name="username"
  />
  <App />
</div>
`;
