// Jest Snapshot v1, https://goo.gl/fbAQLP

exports[`components App should render itself and its subcomponents 1`] = `
<BrowserRouter>
  <div
    className="app-container"
  >
    <h1>
      Orca: the Kubernetes permissions manager
    </h1>
    <div
      className="kube-container"
    >
      <Namespaces />
      <Connect(Rolebindings) />
    </div>
  </div>
</BrowserRouter>
`;
